// Jest Snapshot v1, https://goo.gl/fbAQLP

exports[`Recipes Delete it has valid snapshot 1`] = `
<div>
  <div
    aria-hidden="true"
    aria-labelledby="deleteRecipeTitle"
    className="modal fade"
    id="deleteRecipe"
    role="dialog"
    tabindex="-1"
  >
    <div
      className="modal-dialog modal-dialog-centered"
      role="document"
    >
      <div
        className="modal-content"
      >
        <div
          className="modal-header"
        >
          <h5
            className="modal-title"
            id="recipeModalLongTitle"
          >
            Delet Recipe
          </h5>
          <button
            aria-label="Close"
            className="close"
            data-dismiss="modal"
            id="close"
            type="button"
          >
            <span
              aria-hidden="true"
            >
              Ã—
            </span>
          </button>
        </div>
        <div
          className="modal-body"
        >
          <div
            className="alert alert-danger"
          >
            Are you sure you want to delete this recipe?
          </div>
        </div>
        <div
          className="modal-footer"
        >
          <button
            className="btn btn-secondary"
            data-dismiss="modal"
            type="button"
          >
            Cancel
          </button>
          <button
            className="btn btn-danger"
            form="recipeForm"
            onClick={[Function]}
            type="submit"
          >
            Delete
          </button>
        </div>
      </div>
    </div>
  </div>
  <div
    id="notification-wrapper"
  />
</div>
`;
